// Jest Snapshot v1, https://goo.gl/fbAQLP

exports[`Should set props to GeodeticInput 1`] = `
Array [
  <div
    aria-expanded={false}
    className="ui fluid dropdown"
    onBlur={[Function]}
    onChange={[Function]}
    onClick={[Function]}
    onFocus={[Function]}
    onMouseDown={[Function]}
    role="listbox"
    style={
      Object {
        "marginBottom": "10px",
        "marginTop": "10px",
      }
    }
    tabIndex={0}
  >
    <div
      aria-live="polite"
      className="text"
      role="alert"
    >
      degree
    </div>
    <i
      aria-hidden="true"
      className="dropdown icon"
      onClick={[Function]}
    />
    <div
      className="menu transition"
    >
      <div
        aria-checked={false}
        aria-selected={false}
        className="item"
        onClick={[Function]}
        role="option"
        style={
          Object {
            "pointerEvents": "all",
          }
        }
      >
        <span
          className="text"
        >
          millisec
        </span>
      </div>
      <div
        aria-checked={true}
        aria-selected={true}
        className="active selected item"
        onClick={[Function]}
        role="option"
        style={
          Object {
            "pointerEvents": "all",
          }
        }
      >
        <span
          className="text"
        >
          degree
        </span>
      </div>
    </div>
  </div>,
  <div
    aria-expanded={false}
    className="ui fluid dropdown"
    onBlur={[Function]}
    onChange={[Function]}
    onClick={[Function]}
    onFocus={[Function]}
    onMouseDown={[Function]}
    role="listbox"
    style={
      Object {
        "marginBottom": "10px",
        "marginTop": "10px",
      }
    }
    tabIndex={0}
  >
    <div
      aria-live="polite"
      className="text"
      role="alert"
    >
      WGS84
    </div>
    <i
      aria-hidden="true"
      className="dropdown icon"
      onClick={[Function]}
    />
    <div
      className="menu transition"
    >
      <div
        aria-checked={false}
        aria-selected={false}
        className="item"
        onClick={[Function]}
        role="option"
        style={
          Object {
            "pointerEvents": "all",
          }
        }
      >
        <span
          className="text"
        >
          Tokyo
        </span>
      </div>
      <div
        aria-checked={true}
        aria-selected={true}
        className="active selected item"
        onClick={[Function]}
        role="option"
        style={
          Object {
            "pointerEvents": "all",
          }
        }
      >
        <span
          className="text"
        >
          WGS84
        </span>
      </div>
    </div>
  </div>,
]
`;

exports[`Should set props to GeodeticInput(datum is Tokyo) 1`] = `
Array [
  <div
    aria-expanded={false}
    className="ui fluid dropdown"
    onBlur={[Function]}
    onChange={[Function]}
    onClick={[Function]}
    onFocus={[Function]}
    onMouseDown={[Function]}
    role="listbox"
    style={
      Object {
        "marginBottom": "10px",
        "marginTop": "10px",
      }
    }
    tabIndex={0}
  >
    <div
      aria-live="polite"
      className="text"
      role="alert"
    >
      degree
    </div>
    <i
      aria-hidden="true"
      className="dropdown icon"
      onClick={[Function]}
    />
    <div
      className="menu transition"
    >
      <div
        aria-checked={false}
        aria-selected={false}
        className="item"
        onClick={[Function]}
        role="option"
        style={
          Object {
            "pointerEvents": "all",
          }
        }
      >
        <span
          className="text"
        >
          millisec
        </span>
      </div>
      <div
        aria-checked={true}
        aria-selected={true}
        className="active selected item"
        onClick={[Function]}
        role="option"
        style={
          Object {
            "pointerEvents": "all",
          }
        }
      >
        <span
          className="text"
        >
          degree
        </span>
      </div>
    </div>
  </div>,
  <div
    aria-expanded={false}
    className="ui fluid dropdown"
    onBlur={[Function]}
    onChange={[Function]}
    onClick={[Function]}
    onFocus={[Function]}
    onMouseDown={[Function]}
    role="listbox"
    style={
      Object {
        "marginBottom": "10px",
        "marginTop": "10px",
      }
    }
    tabIndex={0}
  >
    <div
      aria-live="polite"
      className="text"
      role="alert"
    >
      Tokyo
    </div>
    <i
      aria-hidden="true"
      className="dropdown icon"
      onClick={[Function]}
    />
    <div
      className="menu transition"
    >
      <div
        aria-checked={true}
        aria-selected={true}
        className="active selected item"
        onClick={[Function]}
        role="option"
        style={
          Object {
            "pointerEvents": "all",
          }
        }
      >
        <span
          className="text"
        >
          Tokyo
        </span>
      </div>
      <div
        aria-checked={false}
        aria-selected={false}
        className="item"
        onClick={[Function]}
        role="option"
        style={
          Object {
            "pointerEvents": "all",
          }
        }
      >
        <span
          className="text"
        >
          WGS84
        </span>
      </div>
    </div>
  </div>,
]
`;

exports[`Should set props to GeodeticInput(unit is millisec) 1`] = `
Array [
  <div
    aria-expanded={false}
    className="ui fluid dropdown"
    onBlur={[Function]}
    onChange={[Function]}
    onClick={[Function]}
    onFocus={[Function]}
    onMouseDown={[Function]}
    role="listbox"
    style={
      Object {
        "marginBottom": "10px",
        "marginTop": "10px",
      }
    }
    tabIndex={0}
  >
    <div
      aria-live="polite"
      className="text"
      role="alert"
    >
      millisec
    </div>
    <i
      aria-hidden="true"
      className="dropdown icon"
      onClick={[Function]}
    />
    <div
      className="menu transition"
    >
      <div
        aria-checked={true}
        aria-selected={true}
        className="active selected item"
        onClick={[Function]}
        role="option"
        style={
          Object {
            "pointerEvents": "all",
          }
        }
      >
        <span
          className="text"
        >
          millisec
        </span>
      </div>
      <div
        aria-checked={false}
        aria-selected={false}
        className="item"
        onClick={[Function]}
        role="option"
        style={
          Object {
            "pointerEvents": "all",
          }
        }
      >
        <span
          className="text"
        >
          degree
        </span>
      </div>
    </div>
  </div>,
  <div
    aria-expanded={false}
    className="ui fluid dropdown"
    onBlur={[Function]}
    onChange={[Function]}
    onClick={[Function]}
    onFocus={[Function]}
    onMouseDown={[Function]}
    role="listbox"
    style={
      Object {
        "marginBottom": "10px",
        "marginTop": "10px",
      }
    }
    tabIndex={0}
  >
    <div
      aria-live="polite"
      className="text"
      role="alert"
    >
      WGS84
    </div>
    <i
      aria-hidden="true"
      className="dropdown icon"
      onClick={[Function]}
    />
    <div
      className="menu transition"
    >
      <div
        aria-checked={false}
        aria-selected={false}
        className="item"
        onClick={[Function]}
        role="option"
        style={
          Object {
            "pointerEvents": "all",
          }
        }
      >
        <span
          className="text"
        >
          Tokyo
        </span>
      </div>
      <div
        aria-checked={true}
        aria-selected={true}
        className="active selected item"
        onClick={[Function]}
        role="option"
        style={
          Object {
            "pointerEvents": "all",
          }
        }
      >
        <span
          className="text"
        >
          WGS84
        </span>
      </div>
    </div>
  </div>,
]
`;
